// Jest Snapshot v1, https://goo.gl/fbAQLP

exports[`AddMessage render with snapshot 1`] = `
<DocumentFragment>
  <form
    action="#"
  >
    <div>
      <p>
        Print message
      </p>
    </div>
    <input
      placeholder="Type message"
      type="text"
      value=""
    />
    <button
      disabled=""
    >
      Submit
    </button>
  </form>
</DocumentFragment>
`;
